2026-05-22 23:27:28.506 [JavaFX Application Thread] INFO  i.u.d.i.s.c.a.LoginController - Autenticazione riuscita per sara.neri@azienda.it
2026-05-22 23:28:00.357 [JavaFX Application Thread] INFO  i.u.d.i.s.u.o.TechnicianNotificationObserver - [NOTIFICA TECNICI] Nuovo ticket aperto — in attesa di assegnazione.
2026-05-22 23:28:00.359 [JavaFX Application Thread] INFO  i.u.d.i.s.u.o.ManagerNotificationObserver - [NOTIFICA MANAGER] Nuovo ticket aperto.
2026-05-22 23:28:00.360 [JavaFX Application Thread] INFO  i.u.d.i.s.c.a.TicketController - Ticket 11 aperto da sara.neri@azienda.it
2026-05-22 23:28:21.690 [JavaFX Application Thread] INFO  i.u.d.i.s.c.a.LoginController - Autenticazione riuscita per marco.bianchi@supportdesk.it
2026-05-22 23:28:28.218 [JavaFX Application Thread] INFO  i.u.d.i.s.c.a.TicketController - Ticket 11 assegnato a marco.bianchi@supportdesk.it
2026-05-22 23:28:28.218 [JavaFX Application Thread] INFO  i.u.d.i.s.c.a.TicketController - Ticket 11 passato a stato IN_PROGRESS
2026-05-22 23:30:08.467 [JavaFX Application Thread] INFO  i.u.d.i.s.u.o.UserNotificationObserver - [NOTIFICA UTENTE] Ticket risolto — email inviata all'utente richiedente.
2026-05-22 23:30:08.467 [JavaFX Application Thread] INFO  i.u.d.i.s.c.a.TicketController - Ticket 11 passato a stato RESOLVED
2026-05-22 23:30:52.277 [JavaFX Application Thread] INFO  i.u.d.i.s.c.a.LoginController - Autenticazione riuscita per sara.neri@azienda.it
2026-05-22 23:33:37.991 [JavaFX Application Thread] INFO  i.u.d.i.s.c.a.LoginController - Autenticazione riuscita per marco.bianchi@supportdesk.it
2026-05-22 23:33:53.493 [JavaFX Application Thread] INFO  i.u.d.i.s.c.a.LoginController - Autenticazione riuscita per sara.neri@azienda.it
2026-05-22 23:34:47.412 [JavaFX Application Thread] INFO  i.u.d.i.s.c.a.LoginController - Autenticazione riuscita per marco.bianchi@supportdesk.it
2026-05-22 23:38:08.614 [JavaFX Application Thread] INFO  i.u.d.i.s.c.a.TicketController - Ticket 10 assegnato a marco.bianchi@supportdesk.it
2026-05-22 23:38:08.614 [JavaFX Application Thread] INFO  i.u.d.i.s.c.a.TicketController - Ticket 10 passato a stato IN_PROGRESS
2026-05-22 23:38:12.199 [JavaFX Application Thread] INFO  i.u.d.i.s.u.o.UserNotificationObserver - [NOTIFICA UTENTE] Ticket risolto — email inviata all'utente richiedente.
2026-05-22 23:38:12.200 [JavaFX Application Thread] INFO  i.u.d.i.s.c.a.TicketController - Ticket 10 passato a stato RESOLVED
2026-05-22 23:50:48.209 [JavaFX Application Thread] INFO  i.u.d.i.s.c.a.LoginController - Autenticazione riuscita per marco.bianchi@supportdesk.it
2026-05-22 23:55:42.867 [JavaFX Application Thread] INFO  i.u.d.i.s.c.a.LoginController - Autenticazione riuscita per marco.bianchi@supportdesk.it
2026-05-22 23:59:30.331 [JavaFX Application Thread] INFO  i.u.d.i.s.c.a.LoginController - Autenticazione riuscita per admin@supportdesk.it
2026-05-23 00:00:06.800 [JavaFX Application Thread] INFO  i.u.d.i.s.c.a.LoginController - Autenticazione riuscita per marco.bianchi@supportdesk.it
2026-05-23 00:00:13.609 [JavaFX Application Thread] INFO  i.u.d.i.s.c.a.TicketController - Ticket 10 assegnato a marco.bianchi@supportdesk.it
2026-05-23 00:00:13.609 [JavaFX Application Thread] INFO  i.u.d.i.s.c.a.TicketController - Ticket 10 passato a stato IN_PROGRESS
2026-05-23 00:01:01.531 [JavaFX Application Thread] INFO  i.u.d.i.s.c.a.LoginController - Autenticazione riuscita per admin@supportdesk.it
2026-05-23 00:23:03.002 [JavaFX Application Thread] INFO  i.u.d.i.s.c.a.LoginController - Autenticazione riuscita per admin@supportdesk.it
2026-05-23 00:23:12.377 [JavaFX Application Thread] INFO  i.u.d.i.s.c.a.TicketController - Priorità ticket 10 aggiornata a LOW
2026-05-23 00:24:49.531 [JavaFX Application Thread] INFO  i.u.d.i.s.c.a.LoginController - Autenticazione riuscita per marco.bianchi@supportdesk.it
2026-05-23 00:25:20.299 [JavaFX Application Thread] INFO  i.u.d.i.s.c.a.TicketController - Priorità ticket 8 aggiornata a CRITICAL
2026-05-23 00:25:29.956 [JavaFX Application Thread] INFO  i.u.d.i.s.c.a.TicketController - Priorità ticket 8 aggiornata a LOW
2026-05-23 00:25:33.800 [JavaFX Application Thread] INFO  i.u.d.i.s.c.a.TicketController - Ticket 8 assegnato a marco.bianchi@supportdesk.it
2026-05-23 00:25:33.800 [JavaFX Application Thread] INFO  i.u.d.i.s.c.a.TicketController - Ticket 8 passato a stato IN_PROGRESS
2026-05-23 00:25:43.247 [JavaFX Application Thread] INFO  i.u.d.i.s.u.o.UserNotificationObserver - [NOTIFICA UTENTE] Ticket risolto — email inviata all'utente richiedente.
2026-05-23 00:25:43.247 [JavaFX Application Thread] INFO  i.u.d.i.s.c.a.TicketController - Ticket 8 passato a stato RESOLVED
2026-05-23 00:26:04.359 [JavaFX Application Thread] INFO  i.u.d.i.s.c.a.LoginController - Autenticazione riuscita per sara.neri@azienda.it
2026-05-23 00:26:18.644 [JavaFX Application Thread] INFO  i.u.d.i.s.c.a.CommentController - Commento 1 aggiunto al ticket 8 da sara.neri@azienda.it
2026-05-23 00:26:23.013 [JavaFX Application Thread] INFO  i.u.d.i.s.c.a.CommentController - Commento 2 aggiunto al ticket 8 da sara.neri@azienda.it
2026-05-23 00:26:43.002 [JavaFX Application Thread] INFO  i.u.d.i.s.c.a.LoginController - Autenticazione riuscita per marco.bianchi@supportdesk.it
2026-05-23 00:35:01.993 [JavaFX Application Thread] INFO  i.u.d.i.s.c.a.LoginController - Autenticazione riuscita per marco.bianchi@supportdesk.it
2026-05-23 00:35:16.563 [JavaFX Application Thread] INFO  i.u.d.i.s.c.a.TicketController - Ticket 9 assegnato a marco.bianchi@supportdesk.it
2026-05-23 00:35:16.563 [JavaFX Application Thread] INFO  i.u.d.i.s.c.a.TicketController - Ticket 9 passato a stato IN_PROGRESS
2026-05-23 00:35:29.567 [JavaFX Application Thread] INFO  i.u.d.i.s.c.a.TicketController - Priorità ticket 9 aggiornata a HIGH
2026-05-23 00:37:53.040 [JavaFX Application Thread] INFO  i.u.d.i.s.c.a.TicketController - Priorità ticket 9 aggiornata a LOW
2026-05-23 00:38:40.505 [JavaFX Application Thread] INFO  i.u.d.i.s.c.a.LoginController - Autenticazione riuscita per admin@supportdesk.it
2026-05-23 00:38:54.070 [JavaFX Application Thread] INFO  i.u.d.i.s.c.a.TicketController - Ticket 6 assegnato a marco.bianchi@supportdesk.it
2026-05-23 00:39:11.979 [JavaFX Application Thread] INFO  i.u.d.i.s.c.a.LoginController - Autenticazione riuscita per marco.bianchi@supportdesk.it
2026-05-23 00:41:30.670 [JavaFX Application Thread] INFO  i.u.d.i.s.c.a.LoginController - Autenticazione riuscita per sara.neri@azienda.it
